// Jest Snapshot v1, https://goo.gl/fbAQLP

exports[`Pruebas en <CalendarScreen /> debe de mostrarse correctamente 1`] = `
<div
  className="calendar-screen"
>
  <div
    className="navbar navbar-dark bg-dark mb-4"
  >
    <span
      className="navbar-brand"
    >
      Fernando
    </span>
    <button
      className="btn btn-outline-danger"
      onClick={[Function]}
    >
      <i
        className="fas fa-sign-out-alt"
      />
      <span>
         Salir
      </span>
    </button>
  </div>
  <div
    className="rbc-calendar"
  >
    <div
      className="rbc-toolbar"
    >
      <span
        className="rbc-btn-group"
      >
        <button
          onClick={[Function]}
          type="button"
        >
          Hoy
        </button>
        <button
          onClick={[Function]}
          type="button"
        >
          &lt;
        </button>
        <button
          onClick={[Function]}
          type="button"
        >
          &gt;
        </button>
      </span>
      <span
        className="rbc-toolbar-label"
      >
        junio 2020
      </span>
      <span
        className="rbc-btn-group"
      >
        <button
          className="rbc-active"
          key="month"
          onClick={[Function]}
          type="button"
        >
          Mes
        </button>
        <button
          className=""
          key="week"
          onClick={[Function]}
          type="button"
        >
          Semana
        </button>
        <button
          className=""
          key="day"
          onClick={[Function]}
          type="button"
        >
          Día
        </button>
        <button
          className=""
          key="agenda"
          onClick={[Function]}
          type="button"
        >
          Agenda
        </button>
      </span>
    </div>
    <div
      className="rbc-month-view"
    >
      <div
        className="rbc-row rbc-month-header"
      >
        <div
          className="rbc-header"
          key="header_0"
        >
          <span>
            lun.
          </span>
        </div>
        <div
          className="rbc-header"
          key="header_1"
        >
          <span>
            mar.
          </span>
        </div>
        <div
          className="rbc-header"
          key="header_2"
        >
          <span>
            mié.
          </span>
        </div>
        <div
          className="rbc-header"
          key="header_3"
        >
          <span>
            jue.
          </span>
        </div>
        <div
          className="rbc-header"
          key="header_4"
        >
          <span>
            vie.
          </span>
        </div>
        <div
          className="rbc-header"
          key="header_5"
        >
          <span>
            sáb.
          </span>
        </div>
        <div
          className="rbc-header"
          key="header_6"
        >
          <span>
            dom.
          </span>
        </div>
      </div>
      <div
        className="rbc-month-row"
      >
        <div
          className="rbc-row-bg"
        >
          <div
            className="rbc-day-bg"
          />
          <div
            className="rbc-day-bg"
          />
          <div
            className="rbc-day-bg"
          />
          <div
            className="rbc-day-bg"
          />
          <div
            className="rbc-day-bg"
          />
          <div
            className="rbc-day-bg"
          />
          <div
            className="rbc-day-bg"
          />
        </div>
        <div
          className="rbc-row-content"
        >
          <div
            className="rbc-row "
          >
            <div
              className="rbc-date-cell"
              key="header_0"
            >
              <a
                href="#"
                onClick={[Function]}
              >
                01
              </a>
            </div>
            <div
              className="rbc-date-cell"
              key="header_1"
            >
              <a
                href="#"
                onClick={[Function]}
              >
                02
              </a>
            </div>
            <div
              className="rbc-date-cell"
              key="header_2"
            >
              <a
                href="#"
                onClick={[Function]}
              >
                03
              </a>
            </div>
            <div
              className="rbc-date-cell"
              key="header_3"
            >
              <a
                href="#"
                onClick={[Function]}
              >
                04
              </a>
            </div>
            <div
              className="rbc-date-cell"
              key="header_4"
            >
              <a
                href="#"
                onClick={[Function]}
              >
                05
              </a>
            </div>
            <div
              className="rbc-date-cell"
              key="header_5"
            >
              <a
                href="#"
                onClick={[Function]}
              >
                06
              </a>
            </div>
            <div
              className="rbc-date-cell"
              key="header_6"
            >
              <a
                href="#"
                onClick={[Function]}
              >
                07
              </a>
            </div>
          </div>
        </div>
      </div>
      <div
        className="rbc-month-row"
      >
        <div
          className="rbc-row-bg"
        >
          <div
            className="rbc-day-bg"
          />
          <div
            className="rbc-day-bg"
          />
          <div
            className="rbc-day-bg"
          />
          <div
            className="rbc-day-bg"
          />
          <div
            className="rbc-day-bg"
          />
          <div
            className="rbc-day-bg"
          />
          <div
            className="rbc-day-bg"
          />
        </div>
        <div
          className="rbc-row-content"
        >
          <div
            className="rbc-row "
          >
            <div
              className="rbc-date-cell"
              key="header_0"
            >
              <a
                href="#"
                onClick={[Function]}
              >
                08
              </a>
            </div>
            <div
              className="rbc-date-cell"
              key="header_1"
            >
              <a
                href="#"
                onClick={[Function]}
              >
                09
              </a>
            </div>
            <div
              className="rbc-date-cell"
              key="header_2"
            >
              <a
                href="#"
                onClick={[Function]}
              >
                10
              </a>
            </div>
            <div
              className="rbc-date-cell"
              key="header_3"
            >
              <a
                href="#"
                onClick={[Function]}
              >
                11
              </a>
            </div>
            <div
              className="rbc-date-cell"
              key="header_4"
            >
              <a
                href="#"
                onClick={[Function]}
              >
                12
              </a>
            </div>
            <div
              className="rbc-date-cell"
              key="header_5"
            >
              <a
                href="#"
                onClick={[Function]}
              >
                13
              </a>
            </div>
            <div
              className="rbc-date-cell"
              key="header_6"
            >
              <a
                href="#"
                onClick={[Function]}
              >
                14
              </a>
            </div>
          </div>
        </div>
      </div>
      <div
        className="rbc-month-row"
      >
        <div
          className="rbc-row-bg"
        >
          <div
            className="rbc-day-bg"
          />
          <div
            className="rbc-day-bg rbc-today"
          />
          <div
            className="rbc-day-bg"
          />
          <div
            className="rbc-day-bg"
          />
          <div
            className="rbc-day-bg"
          />
          <div
            className="rbc-day-bg"
          />
          <div
            className="rbc-day-bg"
          />
        </div>
        <div
          className="rbc-row-content"
        >
          <div
            className="rbc-row "
          >
            <div
              className="rbc-date-cell"
              key="header_0"
            >
              <a
                href="#"
                onClick={[Function]}
              >
                15
              </a>
            </div>
            <div
              className="rbc-date-cell rbc-now rbc-current"
              key="header_1"
            >
              <a
                href="#"
                onClick={[Function]}
              >
                16
              </a>
            </div>
            <div
              className="rbc-date-cell"
              key="header_2"
            >
              <a
                href="#"
                onClick={[Function]}
              >
                17
              </a>
            </div>
            <div
              className="rbc-date-cell"
              key="header_3"
            >
              <a
                href="#"
                onClick={[Function]}
              >
                18
              </a>
            </div>
            <div
              className="rbc-date-cell"
              key="header_4"
            >
              <a
                href="#"
                onClick={[Function]}
              >
                19
              </a>
            </div>
            <div
              className="rbc-date-cell"
              key="header_5"
            >
              <a
                href="#"
                onClick={[Function]}
              >
                20
              </a>
            </div>
            <div
              className="rbc-date-cell"
              key="header_6"
            >
              <a
                href="#"
                onClick={[Function]}
              >
                21
              </a>
            </div>
          </div>
        </div>
      </div>
      <div
        className="rbc-month-row"
      >
        <div
          className="rbc-row-bg"
        >
          <div
            className="rbc-day-bg"
          />
          <div
            className="rbc-day-bg"
          />
          <div
            className="rbc-day-bg"
          />
          <div
            className="rbc-day-bg"
          />
          <div
            className="rbc-day-bg"
          />
          <div
            className="rbc-day-bg"
          />
          <div
            className="rbc-day-bg"
          />
        </div>
        <div
          className="rbc-row-content"
        >
          <div
            className="rbc-row "
          >
            <div
              className="rbc-date-cell"
              key="header_0"
            >
              <a
                href="#"
                onClick={[Function]}
              >
                22
              </a>
            </div>
            <div
              className="rbc-date-cell"
              key="header_1"
            >
              <a
                href="#"
                onClick={[Function]}
              >
                23
              </a>
            </div>
            <div
              className="rbc-date-cell"
              key="header_2"
            >
              <a
                href="#"
                onClick={[Function]}
              >
                24
              </a>
            </div>
            <div
              className="rbc-date-cell"
              key="header_3"
            >
              <a
                href="#"
                onClick={[Function]}
              >
                25
              </a>
            </div>
            <div
              className="rbc-date-cell"
              key="header_4"
            >
              <a
                href="#"
                onClick={[Function]}
              >
                26
              </a>
            </div>
            <div
              className="rbc-date-cell"
              key="header_5"
            >
              <a
                href="#"
                onClick={[Function]}
              >
                27
              </a>
            </div>
            <div
              className="rbc-date-cell"
              key="header_6"
            >
              <a
                href="#"
                onClick={[Function]}
              >
                28
              </a>
            </div>
          </div>
        </div>
      </div>
      <div
        className="rbc-month-row"
      >
        <div
          className="rbc-row-bg"
        >
          <div
            className="rbc-day-bg"
          />
          <div
            className="rbc-day-bg"
          />
          <div
            className="rbc-day-bg rbc-off-range-bg"
          />
          <div
            className="rbc-day-bg rbc-off-range-bg"
          />
          <div
            className="rbc-day-bg rbc-off-range-bg"
          />
          <div
            className="rbc-day-bg rbc-off-range-bg"
          />
          <div
            className="rbc-day-bg rbc-off-range-bg"
          />
        </div>
        <div
          className="rbc-row-content"
        >
          <div
            className="rbc-row "
          >
            <div
              className="rbc-date-cell"
              key="header_0"
            >
              <a
                href="#"
                onClick={[Function]}
              >
                29
              </a>
            </div>
            <div
              className="rbc-date-cell"
              key="header_1"
            >
              <a
                href="#"
                onClick={[Function]}
              >
                30
              </a>
            </div>
            <div
              className="rbc-date-cell rbc-off-range"
              key="header_2"
            >
              <a
                href="#"
                onClick={[Function]}
              >
                01
              </a>
            </div>
            <div
              className="rbc-date-cell rbc-off-range"
              key="header_3"
            >
              <a
                href="#"
                onClick={[Function]}
              >
                02
              </a>
            </div>
            <div
              className="rbc-date-cell rbc-off-range"
              key="header_4"
            >
              <a
                href="#"
                onClick={[Function]}
              >
                03
              </a>
            </div>
            <div
              className="rbc-date-cell rbc-off-range"
              key="header_5"
            >
              <a
                href="#"
                onClick={[Function]}
              >
                04
              </a>
            </div>
            <div
              className="rbc-date-cell rbc-off-range"
              key="header_6"
            >
              <a
                href="#"
                onClick={[Function]}
              >
                05
              </a>
            </div>
          </div>
        </div>
      </div>
    </div>
  </div>
  <button
    className="btn btn-primary fab"
    onClick={[Function]}
  >
    <i
      className="fas fa-plus"
    />
  </button>
  <Portal
    containerInfo={
      <div
        class="ReactModalPortal"
      />
    }
  />
</div>
`;
